// Jest Snapshot v1, https://goo.gl/fbAQLP

exports[`plop action 1`] = `
Array [
  Object {
    "path": "/home/jfehrman/redux-generator/src/redux/reducer/{{snakeCase name}}.undefined",
    "skipIfExists": false,
    "template": undefined,
    "type": "add",
  },
  Object {
    "path": "/home/jfehrman/redux-generator/src/redux/creator/{{snakeCase name}}.undefined",
    "skipIfExists": false,
    "template": "",
    "type": "add",
  },
  Object {
    "path": "/home/jfehrman/redux-generator/src/redux/actions/{{snakeCase name}}.undefined",
    "skipIfExists": false,
    "template": "",
    "type": "add",
  },
  Object {
    "path": "/home/jfehrman/redux-generator/src/redux/reducer/{{snakeCase name}}.undefined",
    "pattern": /;\\\\n/g,
    "template": "
",
    "type": "modify",
  },
]
`;
